3
+dungeon: 2167 2074 0 Aegis Keep
+town: 2188 659 0 Andaria
+graveyard: 2092 512 0 Andaria Cemetery
-point of interest: 1967 946 0 Andaria Gate
+caravan: 1990 918 0 Andaria Gate Caravan
+moongate: 2333 639 0 Andaria Moongate
+landmark: 2079 781 1 Andaria Prison
-point of interest: 2473 609 0 Andaria Rolling Hills
-point of interest: 2393 508 0 Andaria Ruined Tower
-point of interest: 2377 600 0 Andaria Ruins
-point of interest: 1985 454 0 Andaria Ruins 2
-point of interest: 1938 620 0 Andaria Sacrificial Ruins
-point of interest: 215 1905 0 Andarian Scout Camp
+terrain: 1779 2395 1 Beach
-point of interest: 1054 2670 0 Beached Ship
-point of interest: 889 935 0 Black Market Vendor
-point of interest: 2489 1091 0 Blackthorn's Fort
-point of interest: 1974 1046 0 Bonfire
-bridge: 1579 1695 1 Bridge
-bridge: 1802 1060 1 Bridge
-point of interest: 1466 1275 0 Brigand Camp 1
-point of interest: 1604 2696 0 Brigand Camp 2
-point of interest: 1413 1377 0 Brigand Camp 3
-point of interest: 1792 2240 0 Brigand Headquarters
-point of interest: 1034 1964 0 Burnt Cove
+caravan: 1126 1952 0 Burnt Cove Caravan
-point of interest: 1064 1892 0 Burnt Farmlands
+town: 1765 2995 0 Cambria
+caravan: 1470 2844 0 Cambria Gate Caravan
+moongate: 1693 3153 0 Cambria Moongate
-point of interest: 1400 2744 0 Cambrian Excavation
-point of interest: 2081 3060 0 Cambrian Lighthouse
+scenic: 1461 2448 0 Cathedral
-point of interest: 1130 2097 0 Cathedral St Francis
-point of interest: 1210 2067 0 Cathedral St Francis Ruins
+dungeon: 2745 369 0 Cavernam
+shrine: 848 549 0 Chaos Shrine
-point of interest: 2114 2010 0 Citadel
+scenic: 1183 1817 1 Closed entrance
+shrine: 1131 2988 0 Compassion Shrine
+town: 892 725 0 Corpse Creek
+caravan: 887 742 0 Corpse Creek Caravan
-point of interest: 786 576 0 Corpse Creek Lookout
+moongate: 959 818 0 Corpse Creek Moongate
+landmark: 1898 1602 1 Courthouse
+dungeon: 3400 3726 0 Darkmire Temple
+island: 1038 3291 0 Deadman Isle
-point of interest: 1289 2833 0 Desert Daemon Altar
-point of interest: 1175 2702 0 Desert Manor
-point of interest: 1504 2565 0 Desert Outpost
-point of interest: 1189 2947 0 Desert Pyramid Ruins
-point of interest: 1372 2810 0 Desert Quarry
+caravan: 1379 2844 0 Desert Quarry Caravan
-point of interest: 1160 2503 0 Desert Ruins
-point of interest: 3237 3363 0 Deserted Island and Ship
-point of interest: 1356 1345 1 Disgraced Knights tent
-other: 2002 1869 1 Dock
+landmark: 1908 1962 1 Double waterfall
+island: 944 2831 1 Dragon Island
-point of interest: 1824 936 0 Dragon Roost
-point of interest: 2227 2888 0 Drowned City
-point of interest: 1876 2296 0 Druid Cabin
-point of interest: 1998 1961 0 Druid Circle
-point of interest: 317 1832 0 Exacvation Site
-point of interest: 1330 2666 0 Faraonic ruins
+caravan: 1869 1196 0 Farmlands Caravan
+scenic: 1323 1981 1 Fishing Hut
+scenic: 1295 1942 1 Fishing Hut
+scenic: 1261 1983 1 Fishing Hut
-point of interest: 1909 1910 0 Forsaken Keep
-other: 1225 1820 1 Fortification
-point of interest: 1412 446 0 Frost Daemon Temple
-point of interest: 1811 910 0 Gate Fortress
+ruins: 1303 1721 1 Goblin abandoned house
-other: 1311 1687 1 Goblin Watchtower
-point of interest: 1092 2265 0 Grasslands of harpies
+scenic: 1999 2160 1 Guardtower
-point of interest: 1446 2941 0 Hidden Valley
-point of interest: 1840 2077 0 Hollow Hills
-point of interest: 1334 620 0 Hollow Snow Tower
+island: 2984 551 1 Honesty Island
+shrine: 2927 611 0 Honesty Shrine
+shrine: 1316 1214 0 Honor Shrine
+town: 2043 2238 0 Horseshoe Bay
+graveyard: 2110 2170 0 Horseshoe Bay Cemetery
+moongate: 2025 2077 0 Horseshoe Bay Moongate
+caravan: 2229 2240 0 Horseshoe Bay Swamps Caravan
-houseboat: 1045 2700 1 House Boat (East)
-houseboat: 1056 1827 1 House Boat (East)
-houseboat: 1092 1152 1 House Boat (East)
-houseboat: 1107 1078 1 House Boat (East)
-houseboat: 1109 2407 1 House Boat (East)
-houseboat: 1115 1533 1 House Boat (East)
-houseboat: 1171 636 1 House Boat (East)
-houseboat: 1180 1430 1 House Boat (East)
-houseboat: 1233 2173 1 House Boat (East)
-houseboat: 1314 2001 1 House Boat (East)
-houseboat: 1440 1550 1 House Boat (East)
-houseboat: 1453 892 1 House Boat (East)
-houseboat: 1692 881 1 House Boat (East)
-houseboat: 1856 2319 1 House Boat (East)
-houseboat: 2076 3450 1 House Boat (East)
-houseboat: 2088 1171 1 House Boat (East)
-houseboat: 2182 2665 1 House Boat (East)
-houseboat: 2222 3490 1 House Boat (East)
-houseboat: 2234 493 1 House Boat (East)
-houseboat: 2257 1281 1 House Boat (East)
-houseboat: 2275 1151 1 House Boat (East)
-houseboat: 230 1748 1 House Boat (East)
-houseboat: 2829 3314 1 House Boat (East)
-houseboat: 430 875 1 House Boat (East)
-houseboat: 586 750 1 House Boat (East)
-houseboat: 708 3171 1 House Boat (East)
-houseboat: 815 935 1 House Boat (East)
-houseboat: 894 2822 1 House Boat (East)
-houseboat: 940 1720 1 House Boat (East)
-houseboat: 941 1970 1 House Boat (East)
-houseboat: 949 508 1 House Boat (East)
-houseboat: 1007 1565 1 House Boat (South)
-houseboat: 1042 1327 1 House Boat (South)
-houseboat: 1115 2536 1 House Boat (South)
-houseboat: 1164 332 1 House Boat (South)
-houseboat: 1214 2133 1 House Boat (South)
-houseboat: 1267 807 1 House Boat (South)
-houseboat: 1307 565 1 House Boat (South)
-houseboat: 1428 386 1 House Boat (South)
-houseboat: 1445 1610 1 House Boat (South)
-houseboat: 1604 509 1 House Boat (South)
-houseboat: 1729 980 1 House Boat (South)
-houseboat: 1753 1680 1 House Boat (South)
-houseboat: 1889 514 1 House Boat (South)
-houseboat: 2001 426 1 House Boat (South)
-houseboat: 2109 2138 1 House Boat (South)
-houseboat: 2172 3135 1 House Boat (South)
-houseboat: 2276 903 1 House Boat (South)
-houseboat: 2327 3229 1 House Boat (South)
-houseboat: 2398 988 1 House Boat (South)
-houseboat: 2415 3019 1 House Boat (South)
-houseboat: 2500 1022 1 House Boat (South)
-houseboat: 2649 3328 1 House Boat (South)
-houseboat: 2705 448 1 House Boat (South)
-houseboat: 2752 333 1 House Boat (South)
-houseboat: 3057 413 1 House Boat (South)
-houseboat: 3060 3403 1 House Boat (South)
-houseboat: 3370 3682 1 House Boat (South)
-houseboat: 618 554 1 House Boat (South)
-houseboat: 670 816 1 House Boat (South)
-houseboat: 692 466 1 House Boat (South)
-houseboat: 760 1000 1 House Boat (South)
-houseboat: 768 1703 1 House Boat (South)
-houseboat: 908 2230 1 House Boat (South)
-houseboat: 988 1068 1 House Boat (South)
+shrine: 1259 2283 0 Humility Shrine
-point of interest: 1342 2274 0 Humility Swamps
-point of interest: 1262 961 0 Hunter's Blind 1
-point of interest: 1338 1913 0 Hunter's Blind 2
-point of interest: 2174 2207 0 Hunter's Cabin
+dungeon: 1998 3233 0 Inferno
-point of interest: 928 2819 0 Island Dragon Roost
+landmark: 712 3218 0 Island Spring
-point of interest: 2744 3391 0 Jungle Baths
+shrine: 1900 808 0 Justice Shrine
-other: 2205 2465 1 A knight's tomb and a ghost
-point of interest: 2219 2380 1 Lizardman scout camp
+caravan: 1405 2081 0 Lizardmen Caravan
-point of interest: 1356 2160 0 Lizardmen Fort
-point of interest: 2257 2618 0 Lizardmen Scout Camp
-point of interest: 1123 2282 0 Logger's cabin
+dungeon: 1456 2234 0 The Mausoleum
+caravan: 1632 1987 0 Midlands Caravan
-point of interest: 1709 1894 1 Midlands Ruins 1
+ruins: 1331 1829 0 Midlands Ruins 2
-point of interest: 988 1728 0 Morthuna
+dungeon: 733 769 0 Mount Petram
-point of interest: 1343 2039 0 Mountain Meeting Spot
-point of interest: 473 832 0 Necromancer's Cathedral
-point of interest: 1874 777 0 Necromancer's Lair
-point of interest: 1909 771 0 Necromancer's Swamp
+caravan: 2132 3220 0 New Buccaneer's Den Caravan
+dungeon: 1913 2566 0 Newbie Dungeon
+dungeon: 1950 2527 1 Newbie Dungeon (entrance 2)
-point of interest: 1114 2596 0 Nomad Desert Camp
+caravan: 1158 2618 0 Nomad Outpost Caravan
-point of interest: 1076 2668 0 Nomad Training Area
-point of interest: 2702 600 0 Norse Settlement
+caravan: 1445 711 0 Northwest Caravan
-point of interest: 1820 2119 0 Noxious Earth
+dungeon: 287 1676 0 Nusero
+island: 539 1888 0 Nusero Island
+caravan: 307 1757 0 Nusero Island Caravan
-point of interest: 656 1755 0 Nusero Signal Fort
-point of interest: 1303 2985 0 Oasis
-point of interest: 1560 2219 0 Ogre Valley
+caravan: 1717 2302 0 Ogre Valley Caravan
-point of interest: 1341 1766 0 Orc Fort 1
-point of interest: 1921 1184 0 Orc Fort 2
-point of interest: 757 1769 0 Orc Fort 3
+dungeon: 1220 2809 0 Ossuary
+town: 3047 560 0 Outpost
+moongate: 2974 611 0 Outpost Moongate
+caravan: 2800 562 0 Outpost Passage Caravan
-point of interest: 2151 1158 0 Owen's Cabin
-point of interest: 989 1106 0 Pool Of Power
+town: 1616 1524 0 Prevalia
-point of interest: 1477 1700 0 Prevalia Bog
+caravan: 1481 1744 0 Prevalia Bog Caravan
+graveyard: 1909 1798 0 Prevalia Cemetery
-point of interest: 1244 1501 0 Prevalia Dam
-point of interest: 1189 2396 1 Prevalia Gate
+caravan: 1204 2358 0 Prevalia Gate Caravan
-point of interest: 1336 1300 1 Prevalia Keep
+landmark: 1574 1016 0 Prevalia King's Manor
+moongate: 1474 1487 0 Prevalia Moongate
+caravan: 1181 981 0 Prevalia Quarry Caravan
-point of interest: 1589 2480 0 Prevalia Signal Outpost
+caravan: 1488 1900 0 Prevalia Signal Ridge Caravan
-point of interest: 1808 1019 0 Prevalia Waterfall
+landmark: 1820 1519 0 Prevalia Zoo
+graveyard: 1854 1449 0 Prevalian Cemetery
-point of interest: 1895 1788 0 Prevalian Cemetery Crypt
-market: 1598 1523 0 Prevalian merchant
+landmark: 1158 1092 1 Prevalian Quarry
+dungeon: 1793 984 0 Pulma
-point of interest: 1306 1409 0 Ratman Hovel
+ruins: 1128 1852 0 Ratman ruins
-point of interest: 1136 1813 0 Ratman Underground Lair
-point of interest: 2312 1071 0 Ruined Cabin
-point of interest: 1938 1013 0 Ruined House
-point of interest: 2401 1001 0 Ruined Lighthouse
-point of interest: 1231 1672 0 Ruined Lycaeum
+caravan: 1266 1624 0 Ruined Lycaeum Caravan
-point of interest: 1693 576 1 Ruined Snow Fortress
+ruins: 2346 2644 1 Ruins
+ruins: 1090 1793 1 Ruins
-point of interest: 689 935 0 Ruins on Island 1
-point of interest: 586 895 0 Ruins on Island 2
-point of interest: 1397 1913 0 Sacred Pools and Ruins
-point of interest: 1255 2487 0 Sacred Waters
+shrine: 2442 3275 0 Sacrifice Shrine
-point of interest: 2046 1854 0 Sacrificial Cliffs
-point of interest: 2022 990 0 Sandbar
-point of interest: 2364 3068 0 Savage Fort
-point of interest: 1316 2915 0 Savannah and Wattering Hole
+caravan: 1601 2567 0 Shelter Haven Caravan
+town: 1955 2619 0 Shelter Island
+moongate: 1978 2533 0 Shelter Island Moongate
-point of interest: 2330 3318 0 Ship in Bay
-point of interest: 2304 1277 0 Ship in Cave
-point of interest: 2080 1848 0 Shipwreck
-point of interest: 1481 2148 0 Signal Fort 1
-point of interest: 1470 1952 0 Signal Fort 2
-point of interest: 1164 742 0 Simple Palisade Fort
-point of interest: 1133 1005 0 Smuggler's Den
-point of interest: 1637 613 0 Snow Caves
-point of interest: 1150 454 0 Snow Fortress
+caravan: 2889 421 0 Snow Northeast 1 Caravan
+caravan: 2468 359 0 Snow Northeast 2 Caravan
+caravan: 1527 548 0 Snow Northwest Caravan
+shrine: 2282 941 1 Spirituality Shrine
+scenic: 1974 1663 1 Statue
+terrain: 1677 2630 1 Swamp
+terrain: 2256 2451 1 Swamp
-point of interest: 951 2100 0 Swamp Point Ruins
-point of interest: 2631 400 0 Tanner's Northern Fort
-point of interest: 1194 676 0 Telescope Island
-point of interest: 2300 3500 0 Terathan Point
+town: 735 1507 0 Terran
+moongate: 865 1570 0 Terran Moongate        
-point of interest: 3121 3412 0 Tribal Camp
-point of interest: 1007 2222 0 Umbermare fortified village
+dungeon: 1914 1137 0 Urukton Bluffs
+shrine: 1167 1494 0 Valor Shrine
-point of interest: 832 1056 0 Vine-Covered Cave
-point of interest: 2043 3236 0 Volcano 1
-point of interest: 838 3154 0 Volcano 2
-bridge: 1753 1168 1 Water Crossing
-bridge: 1730 1185 1 Water Crossing
-bridge: 2070 986 1 Waterway crossing
-bridge: 1669 1206 1 Waterway crossing
-arms: 1670 1519 1 Weaponsmith
-point of interest: 618 1235 0 Western Ruins
-point of interest: 1192 1262 0 Western Ruins Brigands 1
-point of interest: 1164 1367 0 Western Ruins Brigands 2
-point of interest: 1058 1365 0 Western Ruins Brigands 3
+caravan: 710 1182 0 Western Ruins Caravan
+caravan: 1238 1312 0 Wildside Caravan
-point of interest: 1003 1372 0 Zebra Falls
