3
-merchants guild: 2000 557 1 [Vendor@2019.01.01] Honest Blacksmith
-merchants guild: 2011 1527 1 [Vendor@2019.01.01] Knightly Deals
-merchants guild: 2782 526 1 [Vendor@2019.01.01] Outpost Passage Mall
-merchants guild: 2767 415 1 [Vendor@2019.01.01] Small Stone Workshop
-merchants guild: 1478 1472 1 [Vendor@2019.03.15] Alchemy, Scribe, Weapons
-merchants guild: 1474 1524 1 [Vendor@2019.03.15] Armors, Food, Alche, Tools, Arrows
-merchants guild: 1679 3151 1 [Vendor@2019.03.15] Bows and other weapons
-merchants guild: 1482 1506 1 [Vendor@2019.03.15] empty
-merchants guild: 2981 600 1 [Vendor@2019.03.15] Magestic Rune Library & Shop
-merchants guild: 1491 1488 1 [Vendor@2019.03.15] MCDs, Aspect, Tools, Maps, Runebooks, Feathers
-merchants guild: 1710 3140 1 [Vendor@2019.03.15] Plants, Weapons, Tools, Aspect, Food, Armor
-merchants guild: 1467 1502 1 [Vendor@2019.03.15] Weapons
-merchants guild: 1698 3127 1 [Vendor@2019.03.15] Weapons, Armor, Alche
-merchants guild: 2990 458 1 [Vendor@2019.03.24] Alchemy, Scribe, Armors, Plants
-merchants guild: 3011 457 1 [Vendor@2019.03.24] MCDs, SS, Weapons, Aspect
-merchants guild: 1573 1625 1 [Vendor@2019.04.02]
-merchants guild: 1507 1673 1 [Vendor@2019.04.02]
-merchants guild: 1518 1819 1 [Vendor@2019.04.02] Anita's little house of trikets
-merchants guild: 1425 1499 1 [Vendor@2019.04.02] Aspect, Skill scrolls, Maps, Armor
-merchants guild: 1476 1765 1 [Vendor@2019.04.02] Bog caravan vendors
-merchants guild: 1537 1655 1 [Vendor@2019.04.02] Fort cYa
-merchants guild: 1598 1742 1 [Vendor@2019.04.02] Forum Prevalia
-merchants guild: 1433 1755 1 [Vendor@2019.04.02] Ingots
-merchants guild: 1704 1731 1 [Vendor@2019.04.02] Roxys
-merchants guild: 1695 1734 1 [Vendor@2019.04.02] Rusty Dager Inn
-merchants guild: 1558 1644 1 [Vendor@2019.04.02] The Keg Factory
-merchants guild: 1558 1619 1 [Vendor@2019.04.02] Various items
-merchants guild: 1404 1771 1 [Vendor@2019.04.02] Ye Ol' Miner's Shoppe
