3
+crimsongate: 5245 690 1 [GATE] Mausoleum Exit [crimsongate]
+crimsongate: 5304 1336 1 [GATE] Pulma Exit [crimsongate]
+crimsongate: 5331 2014 1 [GATE] Darkmire Exit [crimsongate]
+crimsongate: 5348 1317 1 [GATE] Pulma Exit [crimsongate]
+crimsongate: 5370 749 1 [GATE] Mausoleum Exit [crimsongate]
+crimsongate: 5381 2086 1 [GATE] Darkmire Exit [crimsongate]
+crimsongate: 5429 1269 1 [GATE] Pulma Exit [crimsongate]
+crimsongate: 5497 744 1 [GATE] Mausoleum Exit [crimsongate]
+crimsongate: 5538 2361 1 [GATE] Inferno Exit [crimsongate]
+crimsongate: 5558 2144 1 [GATE] Darkmire Exit [crimsongate]
+crimsongate: 5601 517 1 [GATE] Newbie Exit [crimsongate]
+crimsongate: 5623 2493 1 [GATE] Inferno Exit [crimsongate]
+crimsongate: 5639 2888 1 [GATE] Mount Petram Exit [crimsongate]
+crimsongate: 5683 1279 1 [GATE] Ossuary Exit [crimsongate]
+crimsongate: 5690 2885 1 [GATE] Mount Petram Exit [crimsongate]
+crimsongate: 5724 1333 1 [GATE] Ossuary Exit [crimsongate]
+crimsongate: 5764 2498 1 [GATE] Inferno Exit [crimsongate]
+crimsongate: 5820 2321 1 [GATE] Inferno Exit [crimsongate]
+crimsongate: 5832 1556 1 [GATE] Nusero Exit [crimsongate]
+crimsongate: 5912 273 1 [GATE] Aegis Keep Exit [crimsongate]
+crimsongate: 5957 249 1 [GATE] Aegis Keep Exit [crimsongate]
+crimsongate: 5967 1679 1 [GATE] Nusero Exit [crimsongate]
+goldengate: 5166 1328 1 [GATE] Pulma Exit [goldengate]
+goldengate: 5179 1963 1 [GATE] Darkmire Exit [goldengate]
+goldengate: 5180 2006 1 [GATE] Darkmire Exit [goldengate]
+goldengate: 5195 1351 1 [GATE] Pulma Exit [goldengate]
+goldengate: 5203 1923 1 [GATE] Darkmire Exit [goldengate]
+goldengate: 5216 1955 1 [GATE] Darkmire Exit [goldengate]
+goldengate: 5217 1302 1 [GATE] Pulma Exit [goldengate]
+goldengate: 5541 524 1 [GATE] Newbie Exit [goldengate]
+goldengate: 5588 717 1 [GATE] Mausoleum Exit [goldengate]
+goldengate: 5602 2768 1 [GATE] Mount Petram Exit [goldengate]
+goldengate: 5610 2800 1 [GATE] Mount Petram Exit [goldengate]
+goldengate: 5618 723 1 [GATE] Mausoleum Exit [goldengate]
+goldengate: 5626 689 1 [GATE] Mausoleum Exit [goldengate]
+goldengate: 5629 2768 1 [GATE] Mount Petram Exit [goldengate]
+goldengate: 5635 2819 1 [GATE] Mount Petram Exit [goldengate]
+goldengate: 5792 1701 1 [GATE] Nusero Exit [goldengate]
+goldengate: 5828 1701 1 [GATE] Nusero Exit [goldengate]
+goldengate: 5840 1728 1 [GATE] Nusero Exit [goldengate]
+goldengate: 5870 1310 1 [GATE] Ossuary Exit [goldengate]
+goldengate: 5892 2057 1 [GATE] Inferno Exit [goldengate]
+goldengate: 5899 89 1 [GATE] Aegis Keep Exit [goldengate]
+goldengate: 5926 1326 1 [GATE] Ossuary Exit [goldengate]
+goldengate: 5926 1351 1 [GATE] Ossuary Exit [goldengate]
+goldengate: 5938 2068 1 [GATE] Inferno Exit [goldengate]
+goldengate: 5954 84 1 [GATE] Aegis Keep Exit [goldengate]
+goldengate: 5959 1977 1 [GATE] Inferno Exit [goldengate]
+goldengate: 5987 84 1 [GATE] Aegis Keep Exit [goldengate]
-trap: 5421 1976 1 TRAP (TRAP) (tier 1) (4 gp  0 hp  0-0 dmg)
-trap: 5421 1993 1 TRAP (TRAP) (tier 1) (4 gp  0 hp  0-0 dmg)
-trap: 5428 1976 1 TRAP (TRAP) (tier 1) (4 gp  0 hp  0-0 dmg)
-trap: 5428 1993 1 TRAP (TRAP) (tier 1) (4 gp  0 hp  0-0 dmg)
-trap: 5569 2037 1 TRAP (TRAP) (tier 1) (4 gp  0 hp  0-0 dmg)
-trap: 5569 2056 1 TRAP (TRAP) (tier 1) (4 gp  0 hp  0-0 dmg)
-trap: 5731 1024 1 Owen (MAPMAKER) (tier 3) (8 gp  10 hp  1-2 dmg)
-trap: 5896 2005 1 TRAP (TRAP) (tier 1) (4 gp  0 hp  0-0 dmg)
-trap: 5924 2016 1 TRAP (TRAP) (tier 1) (4 gp  0 hp  0-0 dmg)
-trap: 5953 2016 1 TRAP (TRAP) (tier 1) (4 gp  0 hp  0-0 dmg)
